[debug] [2025-06-23T08:49:11.954Z] ----------------------------------------------------------------------
[debug] [2025-06-23T08:49:11.956Z] Command:       /Users/klesieur/.nvm/versions/node/v20.12.2/bin/node /Users/klesieur/.nvm/versions/node/v20.12.2/bin/firebase deploy
[debug] [2025-06-23T08:49:11.956Z] CLI Version:   14.8.0
[debug] [2025-06-23T08:49:11.956Z] Platform:      darwin
[debug] [2025-06-23T08:49:11.956Z] Node Version:  v20.12.2
[debug] [2025-06-23T08:49:11.956Z] Time:          Mon Jun 23 2025 10:49:11 GMT+0200 (Central European Summer Time)
[debug] [2025-06-23T08:49:11.957Z] ----------------------------------------------------------------------
[debug] 
[debug] [2025-06-23T08:49:12.073Z] > command requires scopes: ["email","openid","https://www.googleapis.com/auth/cloudplatformprojects.readonly","https://www.googleapis.com/auth/firebase","https://www.googleapis.com/auth/cloud-platform"]
[debug] [2025-06-23T08:49:12.073Z] > authorizing via signed-in user (lesieurkim@gmail.com)
[debug] [2025-06-23T08:49:12.073Z] [iam] checking project dressingpartyproject for permissions ["cloudfunctions.functions.create","cloudfunctions.functions.delete","cloudfunctions.functions.get","cloudfunctions.functions.list","cloudfunctions.functions.update","cloudfunctions.operations.get","firebase.projects.get"]
[debug] [2025-06-23T08:49:12.074Z] Checked if tokens are valid: true, expires at: 1750671503386
[debug] [2025-06-23T08:49:12.074Z] Checked if tokens are valid: true, expires at: 1750671503386
[debug] [2025-06-23T08:49:12.074Z] >>> [apiv2][query] POST https://cloudresourcemanager.googleapis.com/v1/projects/dressingpartyproject:testIamPermissions [none]
[debug] [2025-06-23T08:49:12.074Z] >>> [apiv2][(partial)header] POST https://cloudresourcemanager.googleapis.com/v1/projects/dressingpartyproject:testIamPermissions x-goog-quota-user=projects/dressingpartyproject
[debug] [2025-06-23T08:49:12.074Z] >>> [apiv2][body] POST https://cloudresourcemanager.googleapis.com/v1/projects/dressingpartyproject:testIamPermissions {"permissions":["cloudfunctions.functions.create","cloudfunctions.functions.delete","cloudfunctions.functions.get","cloudfunctions.functions.list","cloudfunctions.functions.update","cloudfunctions.operations.get","firebase.projects.get"]}
[debug] [2025-06-23T08:49:12.853Z] <<< [apiv2][status] POST https://cloudresourcemanager.googleapis.com/v1/projects/dressingpartyproject:testIamPermissions 200
[debug] [2025-06-23T08:49:12.853Z] <<< [apiv2][body] POST https://cloudresourcemanager.googleapis.com/v1/projects/dressingpartyproject:testIamPermissions {"permissions":["cloudfunctions.functions.create","cloudfunctions.functions.delete","cloudfunctions.functions.get","cloudfunctions.functions.list","cloudfunctions.functions.update","cloudfunctions.operations.get","firebase.projects.get"]}
[debug] [2025-06-23T08:49:12.854Z] Checked if tokens are valid: true, expires at: 1750671503386
[debug] [2025-06-23T08:49:12.854Z] Checked if tokens are valid: true, expires at: 1750671503386
[debug] [2025-06-23T08:49:12.854Z] >>> [apiv2][query] POST https://iam.googleapis.com/v1/projects/dressingpartyproject/serviceAccounts/dressingpartyproject@appspot.gserviceaccount.com:testIamPermissions [none]
[debug] [2025-06-23T08:49:12.854Z] >>> [apiv2][body] POST https://iam.googleapis.com/v1/projects/dressingpartyproject/serviceAccounts/dressingpartyproject@appspot.gserviceaccount.com:testIamPermissions {"permissions":["iam.serviceAccounts.actAs"]}
[debug] [2025-06-23T08:49:13.531Z] <<< [apiv2][status] POST https://iam.googleapis.com/v1/projects/dressingpartyproject/serviceAccounts/dressingpartyproject@appspot.gserviceaccount.com:testIamPermissions 200
[debug] [2025-06-23T08:49:13.531Z] <<< [apiv2][body] POST https://iam.googleapis.com/v1/projects/dressingpartyproject/serviceAccounts/dressingpartyproject@appspot.gserviceaccount.com:testIamPermissions {"permissions":["iam.serviceAccounts.actAs"]}
[info] 
[info] === Deploying to 'dressingpartyproject'...
[info] 
[info] i  deploying functions 
[info] Running command: npm --prefix "$RESOURCE_DIR" run lint
[info] Running command: npm --prefix "$RESOURCE_DIR" run build
[info] ✔  functions: Finished running predeploy script. 
[debug] [2025-06-23T08:49:20.086Z] Checked if tokens are valid: true, expires at: 1750671503386
[debug] [2025-06-23T08:49:20.086Z] Checked if tokens are valid: true, expires at: 1750671503386
[debug] [2025-06-23T08:49:20.086Z] >>> [apiv2][query] GET https://serviceusage.googleapis.com/v1/projects/dressingpartyproject/services/cloudresourcemanager.googleapis.com [none]
[debug] [2025-06-23T08:49:20.086Z] >>> [apiv2][(partial)header] GET https://serviceusage.googleapis.com/v1/projects/dressingpartyproject/services/cloudresourcemanager.googleapis.com x-goog-quota-user=projects/dressingpartyproject
[debug] [2025-06-23T08:49:20.989Z] <<< [apiv2][status] GET https://serviceusage.googleapis.com/v1/projects/dressingpartyproject/services/cloudresourcemanager.googleapis.com 200
[debug] [2025-06-23T08:49:20.990Z] <<< [apiv2][body] GET https://serviceusage.googleapis.com/v1/projects/dressingpartyproject/services/cloudresourcemanager.googleapis.com [omitted]
[debug] [2025-06-23T08:49:21.001Z] Checked if tokens are valid: true, expires at: 1750671503386
[debug] [2025-06-23T08:49:21.001Z] Checked if tokens are valid: true, expires at: 1750671503386
[debug] [2025-06-23T08:49:21.001Z] >>> [apiv2][query] GET https://cloudresourcemanager.googleapis.com/v1/projects/dressingpartyproject [none]
[debug] [2025-06-23T08:49:21.725Z] <<< [apiv2][status] GET https://cloudresourcemanager.googleapis.com/v1/projects/dressingpartyproject 200
[debug] [2025-06-23T08:49:21.725Z] <<< [apiv2][body] GET https://cloudresourcemanager.googleapis.com/v1/projects/dressingpartyproject {"projectNumber":"939273994462","projectId":"dressingpartyproject","lifecycleState":"ACTIVE","name":"DressingPartyProject","labels":{"firebase":"enabled","firebase-core":"disabled"},"createTime":"2025-06-18T07:47:50.438176Z"}
[info] i  functions: preparing codebase default for deployment 
[info] i  functions: ensuring required API cloudfunctions.googleapis.com is enabled... 
[info] i  functions: ensuring required API cloudbuild.googleapis.com is enabled... 
[debug] [2025-06-23T08:49:21.727Z] Checked if tokens are valid: true, expires at: 1750671503386
[debug] [2025-06-23T08:49:21.727Z] Checked if tokens are valid: true, expires at: 1750671503386
[info] i  artifactregistry: ensuring required API artifactregistry.googleapis.com is enabled... 
[debug] [2025-06-23T08:49:21.727Z] Checked if tokens are valid: true, expires at: 1750671503386
[debug] [2025-06-23T08:49:21.727Z] Checked if tokens are valid: true, expires at: 1750671503386
[debug] [2025-06-23T08:49:21.727Z] >>> [apiv2][query] GET https://serviceusage.googleapis.com/v1/projects/dressingpartyproject/services/cloudbuild.googleapis.com [none]
[debug] [2025-06-23T08:49:21.727Z] >>> [apiv2][(partial)header] GET https://serviceusage.googleapis.com/v1/projects/dressingpartyproject/services/cloudbuild.googleapis.com x-goog-quota-user=projects/dressingpartyproject
[debug] [2025-06-23T08:49:21.728Z] >>> [apiv2][query] GET https://serviceusage.googleapis.com/v1/projects/dressingpartyproject/services/artifactregistry.googleapis.com [none]
[debug] [2025-06-23T08:49:21.728Z] >>> [apiv2][(partial)header] GET https://serviceusage.googleapis.com/v1/projects/dressingpartyproject/services/artifactregistry.googleapis.com x-goog-quota-user=projects/dressingpartyproject
[debug] [2025-06-23T08:49:22.135Z] <<< [apiv2][status] GET https://serviceusage.googleapis.com/v1/projects/dressingpartyproject/services/artifactregistry.googleapis.com 200
[debug] [2025-06-23T08:49:22.135Z] <<< [apiv2][body] GET https://serviceusage.googleapis.com/v1/projects/dressingpartyproject/services/artifactregistry.googleapis.com [omitted]
[warn] ⚠  artifactregistry: missing required API artifactregistry.googleapis.com. Enabling now... 
[debug] [2025-06-23T08:49:22.136Z] Checked if tokens are valid: true, expires at: 1750671503386
[debug] [2025-06-23T08:49:22.136Z] Checked if tokens are valid: true, expires at: 1750671503386
[debug] [2025-06-23T08:49:22.136Z] >>> [apiv2][query] POST https://serviceusage.googleapis.com/v1/projects/dressingpartyproject/services/artifactregistry.googleapis.com:enable [none]
[debug] [2025-06-23T08:49:22.136Z] >>> [apiv2][(partial)header] POST https://serviceusage.googleapis.com/v1/projects/dressingpartyproject/services/artifactregistry.googleapis.com:enable x-goog-quota-user=projects/dressingpartyproject
[debug] [2025-06-23T08:49:22.542Z] <<< [apiv2][status] GET https://serviceusage.googleapis.com/v1/projects/dressingpartyproject/services/cloudbuild.googleapis.com 200
[debug] [2025-06-23T08:49:22.543Z] <<< [apiv2][body] GET https://serviceusage.googleapis.com/v1/projects/dressingpartyproject/services/cloudbuild.googleapis.com [omitted]
[warn] ⚠  functions: missing required API cloudbuild.googleapis.com. Enabling now... 
[debug] [2025-06-23T08:49:22.543Z] Checked if tokens are valid: true, expires at: 1750671503386
[debug] [2025-06-23T08:49:22.543Z] Checked if tokens are valid: true, expires at: 1750671503386
[debug] [2025-06-23T08:49:22.543Z] >>> [apiv2][query] POST https://serviceusage.googleapis.com/v1/projects/dressingpartyproject/services/cloudbuild.googleapis.com:enable [none]
[debug] [2025-06-23T08:49:22.543Z] >>> [apiv2][(partial)header] POST https://serviceusage.googleapis.com/v1/projects/dressingpartyproject/services/cloudbuild.googleapis.com:enable x-goog-quota-user=projects/dressingpartyproject
[debug] [2025-06-23T08:49:23.360Z] <<< [apiv2][status] POST https://serviceusage.googleapis.com/v1/projects/dressingpartyproject/services/artifactregistry.googleapis.com:enable 200
[debug] [2025-06-23T08:49:23.360Z] <<< [apiv2][body] POST https://serviceusage.googleapis.com/v1/projects/dressingpartyproject/services/artifactregistry.googleapis.com:enable [omitted]
[debug] [2025-06-23T08:49:23.775Z] <<< [apiv2][status] POST https://serviceusage.googleapis.com/v1/projects/dressingpartyproject/services/cloudbuild.googleapis.com:enable 200
[debug] [2025-06-23T08:49:23.775Z] <<< [apiv2][body] POST https://serviceusage.googleapis.com/v1/projects/dressingpartyproject/services/cloudbuild.googleapis.com:enable [omitted]
[debug] [2025-06-23T08:49:33.796Z] Checked if tokens are valid: true, expires at: 1750671503386
[debug] [2025-06-23T08:49:33.797Z] Checked if tokens are valid: true, expires at: 1750671503386
[debug] [2025-06-23T08:49:33.797Z] >>> [apiv2][query] GET https://firebase.googleapis.com/v1beta1/projects/dressingpartyproject/adminSdkConfig [none]
[debug] [2025-06-23T08:49:34.664Z] <<< [apiv2][status] GET https://firebase.googleapis.com/v1beta1/projects/dressingpartyproject/adminSdkConfig 200
[debug] [2025-06-23T08:49:34.664Z] <<< [apiv2][body] GET https://firebase.googleapis.com/v1beta1/projects/dressingpartyproject/adminSdkConfig {"projectId":"dressingpartyproject","storageBucket":"dressingpartyproject.firebasestorage.app"}
[debug] [2025-06-23T08:49:34.665Z] Checked if tokens are valid: true, expires at: 1750671503386
[debug] [2025-06-23T08:49:34.665Z] Checked if tokens are valid: true, expires at: 1750671503386
[debug] [2025-06-23T08:49:34.665Z] >>> [apiv2][query] GET https://runtimeconfig.googleapis.com/v1beta1/projects/dressingpartyproject/configs [none]
[debug] [2025-06-23T08:49:34.920Z] <<< [apiv2][status] GET https://runtimeconfig.googleapis.com/v1beta1/projects/dressingpartyproject/configs 200
[debug] [2025-06-23T08:49:34.920Z] <<< [apiv2][body] GET https://runtimeconfig.googleapis.com/v1beta1/projects/dressingpartyproject/configs {}
[debug] [2025-06-23T08:49:34.924Z] Validating nodejs source
[warn] ⚠  functions: package.json indicates an outdated version of firebase-functions. Please upgrade using npm install --save firebase-functions@latest in your functions directory. 
[warn] ⚠  functions: Please note that there will be breaking changes when you upgrade. 
[debug] [2025-06-23T08:49:35.398Z] > [functions] package.json contents: {
  "name": "functions",
  "scripts": {
    "lint": "eslint .",
    "build": "tsc",
    "build:watch": "tsc --watch",
    "serve": "npm run build && firebase emulators:start --only functions",
    "shell": "npm run build && firebase functions:shell",
    "start": "npm run shell",
    "deploy": "firebase deploy --only functions",
    "logs": "firebase functions:log"
  },
  "engines": {
    "node": "22"
  },
  "main": "lib/index.js",
  "dependencies": {
    "@google-cloud/storage": "^7.11.0",
    "firebase-admin": "^12.1.0",
    "firebase-functions": "^5.0.1"
  },
  "devDependencies": {
    "@typescript-eslint/eslint-plugin": "^7.11.0",
    "@typescript-eslint/parser": "^7.11.0",
    "eslint": "^8.57.0",
    "eslint-config-google": "^0.14.0",
    "eslint-plugin-import": "^2.29.1",
    "firebase-functions-test": "^3.3.0",
    "typescript": "^5.7.3"
  },
  "private": true
}
[debug] [2025-06-23T08:49:35.398Z] Building nodejs source
[info] i  functions: Loading and analyzing source code for codebase default to determine what to deploy 
[debug] [2025-06-23T08:49:35.399Z] Could not find functions.yaml. Must use http discovery
[debug] [2025-06-23T08:49:35.404Z] Found firebase-functions binary at '/Users/klesieur/Documents/Learning_projects/Expo/dressing-party-expo-53/functions/node_modules/.bin/firebase-functions'
[info] Serving at port 8351

[debug] [2025-06-23T08:49:36.023Z] Got response from /__/functions.yaml {"endpoints":{"manageStorageClasses":{"platform":"gcfv1","availableMemoryMb":null,"timeoutSeconds":null,"minInstances":null,"maxInstances":10,"ingressSettings":null,"serviceAccountEmail":null,"vpc":null,"scheduleTrigger":{"schedule":"every 24 hours","retryConfig":{"retryCount":null,"maxDoublings":null,"maxRetryDuration":null,"maxBackoffDuration":null,"minBackoffDuration":null},"timeZone":null},"labels":{},"entryPoint":"manageStorageClasses"}},"specVersion":"v1alpha1","requiredAPIs":[{"api":"cloudscheduler.googleapis.com","reason":"Needed for scheduled functions."}],"extensions":{}}
[info] i  extensions: ensuring required API firebaseextensions.googleapis.com is enabled... 
[debug] [2025-06-23T08:49:41.051Z] Checked if tokens are valid: true, expires at: 1750671503386
[debug] [2025-06-23T08:49:41.051Z] Checked if tokens are valid: true, expires at: 1750671503386
[debug] [2025-06-23T08:49:41.052Z] >>> [apiv2][query] GET https://serviceusage.googleapis.com/v1/projects/dressingpartyproject/services/firebaseextensions.googleapis.com [none]
[debug] [2025-06-23T08:49:41.052Z] >>> [apiv2][(partial)header] GET https://serviceusage.googleapis.com/v1/projects/dressingpartyproject/services/firebaseextensions.googleapis.com x-goog-quota-user=projects/dressingpartyproject
[debug] [2025-06-23T08:49:41.998Z] <<< [apiv2][status] GET https://serviceusage.googleapis.com/v1/projects/dressingpartyproject/services/firebaseextensions.googleapis.com 200
[debug] [2025-06-23T08:49:41.999Z] <<< [apiv2][body] GET https://serviceusage.googleapis.com/v1/projects/dressingpartyproject/services/firebaseextensions.googleapis.com [omitted]
[warn] ⚠  extensions: missing required API firebaseextensions.googleapis.com. Enabling now... 
[debug] [2025-06-23T08:49:41.999Z] Checked if tokens are valid: true, expires at: 1750671503386
[debug] [2025-06-23T08:49:41.999Z] Checked if tokens are valid: true, expires at: 1750671503386
[debug] [2025-06-23T08:49:41.999Z] >>> [apiv2][query] POST https://serviceusage.googleapis.com/v1/projects/dressingpartyproject/services/firebaseextensions.googleapis.com:enable [none]
[debug] [2025-06-23T08:49:41.999Z] >>> [apiv2][(partial)header] POST https://serviceusage.googleapis.com/v1/projects/dressingpartyproject/services/firebaseextensions.googleapis.com:enable x-goog-quota-user=projects/dressingpartyproject
[debug] [2025-06-23T08:49:43.014Z] <<< [apiv2][status] POST https://serviceusage.googleapis.com/v1/projects/dressingpartyproject/services/firebaseextensions.googleapis.com:enable 200
[debug] [2025-06-23T08:49:43.014Z] <<< [apiv2][body] POST https://serviceusage.googleapis.com/v1/projects/dressingpartyproject/services/firebaseextensions.googleapis.com:enable [omitted]
[debug] [2025-06-23T08:49:53.033Z] > command requires scopes: ["email","openid","https://www.googleapis.com/auth/cloudplatformprojects.readonly","https://www.googleapis.com/auth/firebase","https://www.googleapis.com/auth/cloud-platform"]
[debug] [2025-06-23T08:49:53.034Z] > authorizing via signed-in user (lesieurkim@gmail.com)
[debug] [2025-06-23T08:49:53.034Z] [iam] checking project dressingpartyproject for permissions ["firebase.projects.get","firebaseextensions.instances.list"]
[debug] [2025-06-23T08:49:53.034Z] Checked if tokens are valid: true, expires at: 1750671503386
[debug] [2025-06-23T08:49:53.034Z] Checked if tokens are valid: true, expires at: 1750671503386
[debug] [2025-06-23T08:49:53.035Z] >>> [apiv2][query] POST https://cloudresourcemanager.googleapis.com/v1/projects/dressingpartyproject:testIamPermissions [none]
[debug] [2025-06-23T08:49:53.035Z] >>> [apiv2][(partial)header] POST https://cloudresourcemanager.googleapis.com/v1/projects/dressingpartyproject:testIamPermissions x-goog-quota-user=projects/dressingpartyproject
[debug] [2025-06-23T08:49:53.035Z] >>> [apiv2][body] POST https://cloudresourcemanager.googleapis.com/v1/projects/dressingpartyproject:testIamPermissions {"permissions":["firebase.projects.get","firebaseextensions.instances.list"]}
[debug] [2025-06-23T08:49:53.649Z] <<< [apiv2][status] POST https://cloudresourcemanager.googleapis.com/v1/projects/dressingpartyproject:testIamPermissions 200
[debug] [2025-06-23T08:49:53.649Z] <<< [apiv2][body] POST https://cloudresourcemanager.googleapis.com/v1/projects/dressingpartyproject:testIamPermissions {"permissions":["firebase.projects.get","firebaseextensions.instances.list"]}
[debug] [2025-06-23T08:49:53.651Z] Checked if tokens are valid: true, expires at: 1750671503386
[debug] [2025-06-23T08:49:53.651Z] Checked if tokens are valid: true, expires at: 1750671503386
[debug] [2025-06-23T08:49:53.651Z] >>> [apiv2][query] GET https://firebaseextensions.googleapis.com/v1beta/projects/dressingpartyproject/instances pageSize=100&pageToken=
[debug] [2025-06-23T08:49:55.393Z] <<< [apiv2][status] GET https://firebaseextensions.googleapis.com/v1beta/projects/dressingpartyproject/instances 200
[debug] [2025-06-23T08:49:55.393Z] <<< [apiv2][body] GET https://firebaseextensions.googleapis.com/v1beta/projects/dressingpartyproject/instances {}
[info] i  functions: preparing functions directory for uploading... 
[info] i  functions: packaged /Users/klesieur/Documents/Learning_projects/Expo/dressing-party-expo-53/functions (96.11 KB) for uploading 
[debug] [2025-06-23T08:49:55.442Z] Checked if tokens are valid: true, expires at: 1750671503386
[debug] [2025-06-23T08:49:55.442Z] Checked if tokens are valid: true, expires at: 1750671503386
[debug] [2025-06-23T08:49:55.442Z] >>> [apiv2][query] GET https://cloudfunctions.googleapis.com/v1/projects/dressingpartyproject/locations/-/functions [none]
[debug] [2025-06-23T08:49:56.049Z] <<< [apiv2][status] GET https://cloudfunctions.googleapis.com/v1/projects/dressingpartyproject/locations/-/functions 200
[debug] [2025-06-23T08:49:56.049Z] <<< [apiv2][body] GET https://cloudfunctions.googleapis.com/v1/projects/dressingpartyproject/locations/-/functions {}
[debug] [2025-06-23T08:49:56.049Z] Checked if tokens are valid: true, expires at: 1750671503386
[debug] [2025-06-23T08:49:56.049Z] Checked if tokens are valid: true, expires at: 1750671503386
[debug] [2025-06-23T08:49:56.050Z] >>> [apiv2][query] GET https://cloudfunctions.googleapis.com/v2/projects/dressingpartyproject/locations/-/functions filter=environment%3D%22GEN_2%22
[debug] [2025-06-23T08:49:57.019Z] <<< [apiv2][status] GET https://cloudfunctions.googleapis.com/v2/projects/dressingpartyproject/locations/-/functions 200
[debug] [2025-06-23T08:49:57.019Z] <<< [apiv2][body] GET https://cloudfunctions.googleapis.com/v2/projects/dressingpartyproject/locations/-/functions {}
[info] i  functions: ensuring required API cloudscheduler.googleapis.com is enabled... 
[debug] [2025-06-23T08:49:57.021Z] Checked if tokens are valid: true, expires at: 1750671503386
[debug] [2025-06-23T08:49:57.021Z] Checked if tokens are valid: true, expires at: 1750671503386
[debug] [2025-06-23T08:49:57.021Z] >>> [apiv2][query] GET https://serviceusage.googleapis.com/v1/projects/939273994462/services/cloudscheduler.googleapis.com [none]
[debug] [2025-06-23T08:49:57.021Z] >>> [apiv2][(partial)header] GET https://serviceusage.googleapis.com/v1/projects/939273994462/services/cloudscheduler.googleapis.com x-goog-quota-user=projects/939273994462
[debug] [2025-06-23T08:49:57.972Z] <<< [apiv2][status] GET https://serviceusage.googleapis.com/v1/projects/939273994462/services/cloudscheduler.googleapis.com 200
[debug] [2025-06-23T08:49:57.972Z] <<< [apiv2][body] GET https://serviceusage.googleapis.com/v1/projects/939273994462/services/cloudscheduler.googleapis.com [omitted]
[warn] ⚠  functions: missing required API cloudscheduler.googleapis.com. Enabling now... 
[debug] [2025-06-23T08:49:57.972Z] Checked if tokens are valid: true, expires at: 1750671503386
[debug] [2025-06-23T08:49:57.972Z] Checked if tokens are valid: true, expires at: 1750671503386
[debug] [2025-06-23T08:49:57.972Z] >>> [apiv2][query] POST https://serviceusage.googleapis.com/v1/projects/939273994462/services/cloudscheduler.googleapis.com:enable [none]
[debug] [2025-06-23T08:49:57.972Z] >>> [apiv2][(partial)header] POST https://serviceusage.googleapis.com/v1/projects/939273994462/services/cloudscheduler.googleapis.com:enable x-goog-quota-user=projects/939273994462
[debug] [2025-06-23T08:49:59.002Z] <<< [apiv2][status] POST https://serviceusage.googleapis.com/v1/projects/939273994462/services/cloudscheduler.googleapis.com:enable 200
[debug] [2025-06-23T08:49:59.003Z] <<< [apiv2][body] POST https://serviceusage.googleapis.com/v1/projects/939273994462/services/cloudscheduler.googleapis.com:enable [omitted]
[debug] [2025-06-23T08:50:09.021Z] Checked if tokens are valid: true, expires at: 1750671503386
[debug] [2025-06-23T08:50:09.021Z] Checked if tokens are valid: true, expires at: 1750671503386
[debug] [2025-06-23T08:50:09.021Z] >>> [apiv2][query] GET https://cloudresourcemanager.googleapis.com/v1/projects/dressingpartyproject [none]
[debug] [2025-06-23T08:50:09.688Z] <<< [apiv2][status] GET https://cloudresourcemanager.googleapis.com/v1/projects/dressingpartyproject 200
[debug] [2025-06-23T08:50:09.689Z] <<< [apiv2][body] GET https://cloudresourcemanager.googleapis.com/v1/projects/dressingpartyproject {"projectNumber":"939273994462","projectId":"dressingpartyproject","lifecycleState":"ACTIVE","name":"DressingPartyProject","labels":{"firebase":"enabled","firebase-core":"disabled"},"createTime":"2025-06-18T07:47:50.438176Z"}
[debug] [2025-06-23T08:50:09.690Z] Checked if tokens are valid: true, expires at: 1750671503386
[debug] [2025-06-23T08:50:09.690Z] Checked if tokens are valid: true, expires at: 1750671503386
[debug] [2025-06-23T08:50:09.690Z] >>> [apiv2][query] GET https://cloudbilling.googleapis.com/v1/projects/dressingpartyproject/billingInfo [none]
[debug] [2025-06-23T08:50:10.050Z] <<< [apiv2][status] GET https://cloudbilling.googleapis.com/v1/projects/dressingpartyproject/billingInfo 200
[debug] [2025-06-23T08:50:10.050Z] <<< [apiv2][body] GET https://cloudbilling.googleapis.com/v1/projects/dressingpartyproject/billingInfo {"name":"projects/dressingpartyproject/billingInfo","projectId":"dressingpartyproject","billingAccountName":"billingAccounts/016599-3BBCAA-9CF613","billingEnabled":true}
[debug] [2025-06-23T08:50:10.051Z] Checked if tokens are valid: true, expires at: 1750671503386
[debug] [2025-06-23T08:50:10.052Z] Checked if tokens are valid: true, expires at: 1750671503386
[debug] [2025-06-23T08:50:10.052Z] >>> [apiv2][query] POST https://cloudfunctions.googleapis.com/v1/projects/dressingpartyproject/locations/us-central1/functions:generateUploadUrl [none]
[debug] [2025-06-23T08:50:10.052Z] >>> [apiv2][body] POST https://cloudfunctions.googleapis.com/v1/projects/dressingpartyproject/locations/us-central1/functions:generateUploadUrl {}
[debug] [2025-06-23T08:50:21.065Z] <<< [apiv2][status] POST https://cloudfunctions.googleapis.com/v1/projects/dressingpartyproject/locations/us-central1/functions:generateUploadUrl 200
[debug] [2025-06-23T08:50:21.065Z] <<< [apiv2][body] POST https://cloudfunctions.googleapis.com/v1/projects/dressingpartyproject/locations/us-central1/functions:generateUploadUrl {"uploadUrl":"https://storage.googleapis.com/uploads-56102860087.us-central1.cloudfunctions.appspot.com/f7b87e57-a5af-4f8d-801f-58d3bb2bf9ac.zip?GoogleAccessId=service-939273994462@gcf-admin-robot.iam.gserviceaccount.com&Expires=1750670421&Signature=Ir07YZcUj3gO7RM9kJ1teNeUJws%2F29avAo1cTeH91qTgt3dTl08035T27o2aTgsoExy7igX1SlYWzWdYOYp66fpP66lZ22r%2FYbRuM01OCDQ4lrOirvmBx0QCTKsaiaIyOzMz4YmkodK5uzl0eq9IDSelHsTT1Vk24eg4I47IQ164fIH%2B1J4hej%2FPEkuNpsTIxkvwL%2FiyyCXF390CVk5xSvwNo8P%2BOk0Kh7S%2BO7vOpSJ03ejVChtcLTT2vPAgrjuxI6iV6cMQegSB%2BABXyL1FwuCWx2buCZWDBG4lctZ%2Fy3kkmVt974xeGWpXblryAoYqqxPEEUtDdWymKlErbAKCmQ%3D%3D"}
[debug] [2025-06-23T08:50:21.067Z] >>> [apiv2][query] PUT https://storage.googleapis.com/uploads-56102860087.us-central1.cloudfunctions.appspot.com/f7b87e57-a5af-4f8d-801f-58d3bb2bf9ac.zip GoogleAccessId=service-939273994462%40gcf-admin-robot.iam.gserviceaccount.com&Expires=1750670421&Signature=Ir07YZcUj3gO7RM9kJ1teNeUJws%2F29avAo1cTeH91qTgt3dTl08035T27o2aTgsoExy7igX1SlYWzWdYOYp66fpP66lZ22r%2FYbRuM01OCDQ4lrOirvmBx0QCTKsaiaIyOzMz4YmkodK5uzl0eq9IDSelHsTT1Vk24eg4I47IQ164fIH%2B1J4hej%2FPEkuNpsTIxkvwL%2FiyyCXF390CVk5xSvwNo8P%2BOk0Kh7S%2BO7vOpSJ03ejVChtcLTT2vPAgrjuxI6iV6cMQegSB%2BABXyL1FwuCWx2buCZWDBG4lctZ%2Fy3kkmVt974xeGWpXblryAoYqqxPEEUtDdWymKlErbAKCmQ%3D%3D
[debug] [2025-06-23T08:50:21.068Z] >>> [apiv2][body] PUT https://storage.googleapis.com/uploads-56102860087.us-central1.cloudfunctions.appspot.com/f7b87e57-a5af-4f8d-801f-58d3bb2bf9ac.zip [stream]
[debug] [2025-06-23T08:50:22.203Z] <<< [apiv2][status] PUT https://storage.googleapis.com/uploads-56102860087.us-central1.cloudfunctions.appspot.com/f7b87e57-a5af-4f8d-801f-58d3bb2bf9ac.zip 200
[debug] [2025-06-23T08:50:22.203Z] <<< [apiv2][body] PUT https://storage.googleapis.com/uploads-56102860087.us-central1.cloudfunctions.appspot.com/f7b87e57-a5af-4f8d-801f-58d3bb2bf9ac.zip [omitted]
[info] ✔  functions: functions folder uploaded successfully 
[info] i  functions: creating Node.js 22 (1st Gen) function manageStorageClasses(us-central1)... 
[debug] [2025-06-23T08:50:22.206Z] Checked if tokens are valid: true, expires at: 1750671503386
[debug] [2025-06-23T08:50:22.206Z] Checked if tokens are valid: true, expires at: 1750671503386
[debug] [2025-06-23T08:50:22.206Z] >>> [apiv2][query] POST https://cloudfunctions.googleapis.com/v1/projects/dressingpartyproject/locations/us-central1/functions [none]
[debug] [2025-06-23T08:50:22.206Z] >>> [apiv2][body] POST https://cloudfunctions.googleapis.com/v1/projects/dressingpartyproject/locations/us-central1/functions {"name":"projects/dressingpartyproject/locations/us-central1/functions/manageStorageClasses","sourceUploadUrl":"https://storage.googleapis.com/uploads-56102860087.us-central1.cloudfunctions.appspot.com/f7b87e57-a5af-4f8d-801f-58d3bb2bf9ac.zip?GoogleAccessId=service-939273994462@gcf-admin-robot.iam.gserviceaccount.com&Expires=1750670421&Signature=Ir07YZcUj3gO7RM9kJ1teNeUJws%2F29avAo1cTeH91qTgt3dTl08035T27o2aTgsoExy7igX1SlYWzWdYOYp66fpP66lZ22r%2FYbRuM01OCDQ4lrOirvmBx0QCTKsaiaIyOzMz4YmkodK5uzl0eq9IDSelHsTT1Vk24eg4I47IQ164fIH%2B1J4hej%2FPEkuNpsTIxkvwL%2FiyyCXF390CVk5xSvwNo8P%2BOk0Kh7S%2BO7vOpSJ03ejVChtcLTT2vPAgrjuxI6iV6cMQegSB%2BABXyL1FwuCWx2buCZWDBG4lctZ%2Fy3kkmVt974xeGWpXblryAoYqqxPEEUtDdWymKlErbAKCmQ%3D%3D","entryPoint":"manageStorageClasses","runtime":"nodejs22","dockerRegistry":"ARTIFACT_REGISTRY","labels":{"deployment-tool":"cli-firebase","deployment-scheduled":"true","firebase-functions-hash":"d4dceb5778932a4de307ecf6034b2c58b18d1dc6"},"eventTrigger":{"eventType":"google.pubsub.topic.publish","resource":"projects/dressingpartyproject/topics/firebase-schedule-manageStorageClasses-us-central1"},"minInstances":null,"maxInstances":10,"ingressSettings":null,"environmentVariables":{"FIREBASE_CONFIG":"{\"projectId\":\"dressingpartyproject\",\"storageBucket\":\"dressingpartyproject.firebasestorage.app\"}","GCLOUD_PROJECT":"dressingpartyproject","EVENTARC_CLOUD_EVENT_SOURCE":"projects/dressingpartyproject/locations/us-central1/functions/manageStorageClasses"},"serviceAccountEmail":null,"availableMemoryMb":null,"timeout":null,"vpcConnector":null,"vpcConnectorEgressSettings":null,"buildEnvironmentVariables":{"GOOGLE_NODE_RUN_SCRIPTS":""}}
[debug] [2025-06-23T08:50:22.553Z] <<< [apiv2][status] POST https://cloudfunctions.googleapis.com/v1/projects/dressingpartyproject/locations/us-central1/functions 400
[debug] [2025-06-23T08:50:22.553Z] <<< [apiv2][body] POST https://cloudfunctions.googleapis.com/v1/projects/dressingpartyproject/locations/us-central1/functions {"error":{"code":400,"message":"Failed to create 1st Gen function projects/dressingpartyproject/locations/us-central1/functions/manageStorageClasses: runtime: Runtime validation errors: [error_code: INVALID_RUNTIME\nmessage: \"Runtime \\\"nodejs22\\\" is not supported on GCF Gen1\"\n]","status":"INVALID_ARGUMENT"}}
[warn] ⚠  functions: failed to create function projects/dressingpartyproject/locations/us-central1/functions/manageStorageClasses 
[error] Failed to create function projects/dressingpartyproject/locations/us-central1/functions/manageStorageClasses
[debug] [2025-06-23T08:50:22.560Z] Total Function Deployment time: 350
[debug] [2025-06-23T08:50:22.560Z] 1 Functions Deployed
[debug] [2025-06-23T08:50:22.560Z] 1 Functions Errored
[debug] [2025-06-23T08:50:22.560Z] 0 Function Deployments Aborted
[debug] [2025-06-23T08:50:22.560Z] Average Function Deployment time: 350
[info] 
[info] Functions deploy had errors with the following functions:
	manageStorageClasses(us-central1)
[debug] [2025-06-23T08:50:22.645Z] Checked if tokens are valid: true, expires at: 1750671503386
[debug] [2025-06-23T08:50:22.645Z] Checked if tokens are valid: true, expires at: 1750671503386
[debug] [2025-06-23T08:50:22.645Z] >>> [apiv2][query] GET https://artifactregistry.googleapis.com/v1/projects/dressingpartyproject/locations/us-central1/repositories/gcf-artifacts [none]
[debug] [2025-06-23T08:50:23.463Z] <<< [apiv2][status] GET https://artifactregistry.googleapis.com/v1/projects/dressingpartyproject/locations/us-central1/repositories/gcf-artifacts 404
[debug] [2025-06-23T08:50:23.463Z] <<< [apiv2][body] GET https://artifactregistry.googleapis.com/v1/projects/dressingpartyproject/locations/us-central1/repositories/gcf-artifacts {"error":{"code":404,"message":"Requested entity was not found.","status":"NOT_FOUND"}}
[debug] [2025-06-23T08:50:23.463Z] Failed to check artifact cleanup policy for region us-central1: Request to https://artifactregistry.googleapis.com/v1/projects/dressingpartyproject/locations/us-central1/repositories/gcf-artifacts had HTTP Error: 404, Requested entity was not found. {"name":"FirebaseError","children":[],"context":{"body":{"error":{"code":404,"message":"Requested entity was not found.","status":"NOT_FOUND"}},"response":{"statusCode":404}},"exit":1,"message":"Request to https://artifactregistry.googleapis.com/v1/projects/dressingpartyproject/locations/us-central1/repositories/gcf-artifacts had HTTP Error: 404, Requested entity was not found.","status":404}
[debug] [2025-06-23T08:50:23.463Z] Functions deploy failed.
[debug] [2025-06-23T08:50:23.463Z] {
  "endpoint": {
    "id": "manageStorageClasses",
    "project": "dressingpartyproject",
    "region": "us-central1",
    "entryPoint": "manageStorageClasses",
    "platform": "gcfv1",
    "runtime": "nodejs22",
    "scheduleTrigger": {
      "schedule": "every 24 hours",
      "timeZone": null,
      "retryConfig": {
        "maxBackoffSeconds": null,
        "minBackoffSeconds": null,
        "maxRetrySeconds": null,
        "retryCount": null,
        "maxDoublings": null
      }
    },
    "labels": {
      "deployment-tool": "cli-firebase"
    },
    "serviceAccount": null,
    "ingressSettings": null,
    "availableMemoryMb": null,
    "timeoutSeconds": null,
    "maxInstances": 10,
    "minInstances": null,
    "vpc": null,
    "environmentVariables": {
      "FIREBASE_CONFIG": "{\"projectId\":\"dressingpartyproject\",\"storageBucket\":\"dressingpartyproject.firebasestorage.app\"}",
      "GCLOUD_PROJECT": "dressingpartyproject",
      "EVENTARC_CLOUD_EVENT_SOURCE": "projects/dressingpartyproject/locations/us-central1/functions/manageStorageClasses"
    },
    "codebase": "default",
    "targetedByOnly": false,
    "hash": "d4dceb5778932a4de307ecf6034b2c58b18d1dc6"
  },
  "op": "create",
  "original": {
    "name": "FirebaseError",
    "children": [],
    "context": {
      "function": "projects/dressingpartyproject/locations/us-central1/functions/manageStorageClasses"
    },
    "exit": 1,
    "message": "Failed to create function projects/dressingpartyproject/locations/us-central1/functions/manageStorageClasses",
    "original": {
      "name": "FirebaseError",
      "children": [],
      "context": {
        "body": {
          "error": {
            "code": 400,
            "message": "Failed to create 1st Gen function projects/dressingpartyproject/locations/us-central1/functions/manageStorageClasses: runtime: Runtime validation errors: [error_code: INVALID_RUNTIME\nmessage: \"Runtime \\\"nodejs22\\\" is not supported on GCF Gen1\"\n]",
            "status": "INVALID_ARGUMENT"
          }
        },
        "response": {
          "statusCode": 400
        }
      },
      "exit": 1,
      "message": "Request to https://cloudfunctions.googleapis.com/v1/projects/dressingpartyproject/locations/us-central1/functions had HTTP Error: 400, Failed to create 1st Gen function projects/dressingpartyproject/locations/us-central1/functions/manageStorageClasses: runtime: Runtime validation errors: [error_code: INVALID_RUNTIME\nmessage: \"Runtime \\\"nodejs22\\\" is not supported on GCF Gen1\"\n]",
      "status": 400
    },
    "status": 400,
    "code": 400
  }
}
[debug] [2025-06-23T08:50:23.487Z] Error: Failed to create function manageStorageClasses in region us-central1
    at /Users/klesieur/.nvm/versions/node/v20.12.2/lib/node_modules/firebase-tools/lib/deploy/functions/release/fabricator.js:52:11
    at process.processTicksAndRejections (node:internal/process/task_queues:95:5)
    at async Fabricator.createV1Function (/Users/klesieur/.nvm/versions/node/v20.12.2/lib/node_modules/firebase-tools/lib/deploy/functions/release/fabricator.js:182:32)
    at async Fabricator.createEndpoint (/Users/klesieur/.nvm/versions/node/v20.12.2/lib/node_modules/firebase-tools/lib/deploy/functions/release/fabricator.js:134:13)
    at async handle (/Users/klesieur/.nvm/versions/node/v20.12.2/lib/node_modules/firebase-tools/lib/deploy/functions/release/fabricator.js:89:17)
[error] 
[error] Error: There was an error deploying functions
[debug] [2025-06-23T08:54:51.416Z] ----------------------------------------------------------------------
[debug] [2025-06-23T08:54:51.418Z] Command:       /Users/klesieur/.nvm/versions/node/v20.12.2/bin/node /Users/klesieur/.nvm/versions/node/v20.12.2/bin/firebase deploy
[debug] [2025-06-23T08:54:51.418Z] CLI Version:   14.8.0
[debug] [2025-06-23T08:54:51.418Z] Platform:      darwin
[debug] [2025-06-23T08:54:51.418Z] Node Version:  v20.12.2
[debug] [2025-06-23T08:54:51.418Z] Time:          Mon Jun 23 2025 10:54:51 GMT+0200 (Central European Summer Time)
[debug] [2025-06-23T08:54:51.418Z] ----------------------------------------------------------------------
[debug] 
[debug] [2025-06-23T08:54:51.524Z] > command requires scopes: ["email","openid","https://www.googleapis.com/auth/cloudplatformprojects.readonly","https://www.googleapis.com/auth/firebase","https://www.googleapis.com/auth/cloud-platform"]
[debug] [2025-06-23T08:54:51.525Z] > authorizing via signed-in user (lesieurkim@gmail.com)
[debug] [2025-06-23T08:54:51.525Z] [iam] checking project dressingpartyproject for permissions ["cloudfunctions.functions.create","cloudfunctions.functions.delete","cloudfunctions.functions.get","cloudfunctions.functions.list","cloudfunctions.functions.update","cloudfunctions.operations.get","firebase.projects.get"]
[debug] [2025-06-23T08:54:51.526Z] Checked if tokens are valid: true, expires at: 1750671503386
[debug] [2025-06-23T08:54:51.526Z] Checked if tokens are valid: true, expires at: 1750671503386
[debug] [2025-06-23T08:54:51.526Z] >>> [apiv2][query] POST https://cloudresourcemanager.googleapis.com/v1/projects/dressingpartyproject:testIamPermissions [none]
[debug] [2025-06-23T08:54:51.526Z] >>> [apiv2][(partial)header] POST https://cloudresourcemanager.googleapis.com/v1/projects/dressingpartyproject:testIamPermissions x-goog-quota-user=projects/dressingpartyproject
[debug] [2025-06-23T08:54:51.526Z] >>> [apiv2][body] POST https://cloudresourcemanager.googleapis.com/v1/projects/dressingpartyproject:testIamPermissions {"permissions":["cloudfunctions.functions.create","cloudfunctions.functions.delete","cloudfunctions.functions.get","cloudfunctions.functions.list","cloudfunctions.functions.update","cloudfunctions.operations.get","firebase.projects.get"]}
[debug] [2025-06-23T08:54:52.283Z] <<< [apiv2][status] POST https://cloudresourcemanager.googleapis.com/v1/projects/dressingpartyproject:testIamPermissions 200
[debug] [2025-06-23T08:54:52.283Z] <<< [apiv2][body] POST https://cloudresourcemanager.googleapis.com/v1/projects/dressingpartyproject:testIamPermissions {"permissions":["cloudfunctions.functions.create","cloudfunctions.functions.delete","cloudfunctions.functions.get","cloudfunctions.functions.list","cloudfunctions.functions.update","cloudfunctions.operations.get","firebase.projects.get"]}
[debug] [2025-06-23T08:54:52.284Z] Checked if tokens are valid: true, expires at: 1750671503386
[debug] [2025-06-23T08:54:52.284Z] Checked if tokens are valid: true, expires at: 1750671503386
[debug] [2025-06-23T08:54:52.284Z] >>> [apiv2][query] POST https://iam.googleapis.com/v1/projects/dressingpartyproject/serviceAccounts/dressingpartyproject@appspot.gserviceaccount.com:testIamPermissions [none]
[debug] [2025-06-23T08:54:52.284Z] >>> [apiv2][body] POST https://iam.googleapis.com/v1/projects/dressingpartyproject/serviceAccounts/dressingpartyproject@appspot.gserviceaccount.com:testIamPermissions {"permissions":["iam.serviceAccounts.actAs"]}
[debug] [2025-06-23T08:54:52.948Z] <<< [apiv2][status] POST https://iam.googleapis.com/v1/projects/dressingpartyproject/serviceAccounts/dressingpartyproject@appspot.gserviceaccount.com:testIamPermissions 200
[debug] [2025-06-23T08:54:52.949Z] <<< [apiv2][body] POST https://iam.googleapis.com/v1/projects/dressingpartyproject/serviceAccounts/dressingpartyproject@appspot.gserviceaccount.com:testIamPermissions {"permissions":["iam.serviceAccounts.actAs"]}
[info] 
[info] === Deploying to 'dressingpartyproject'...
[info] 
[info] i  deploying functions 
[info] Running command: npm --prefix "$RESOURCE_DIR" run lint
[info] Running command: npm --prefix "$RESOURCE_DIR" run build
[info] ✔  functions: Finished running predeploy script. 
[debug] [2025-06-23T08:54:59.770Z] Checked if tokens are valid: true, expires at: 1750671503386
[debug] [2025-06-23T08:54:59.770Z] Checked if tokens are valid: true, expires at: 1750671503386
[debug] [2025-06-23T08:54:59.770Z] >>> [apiv2][query] GET https://cloudresourcemanager.googleapis.com/v1/projects/dressingpartyproject [none]
[debug] [2025-06-23T08:54:59.974Z] <<< [apiv2][status] GET https://cloudresourcemanager.googleapis.com/v1/projects/dressingpartyproject 200
[debug] [2025-06-23T08:54:59.975Z] <<< [apiv2][body] GET https://cloudresourcemanager.googleapis.com/v1/projects/dressingpartyproject {"projectNumber":"939273994462","projectId":"dressingpartyproject","lifecycleState":"ACTIVE","name":"DressingPartyProject","labels":{"firebase":"enabled","firebase-core":"disabled"},"createTime":"2025-06-18T07:47:50.438176Z"}
[info] i  functions: preparing codebase default for deployment 
[info] i  functions: ensuring required API cloudfunctions.googleapis.com is enabled... 
[info] i  functions: ensuring required API cloudbuild.googleapis.com is enabled... 
[info] i  artifactregistry: ensuring required API artifactregistry.googleapis.com is enabled... 
[debug] [2025-06-23T08:54:59.976Z] Checked if tokens are valid: true, expires at: 1750671503386
[debug] [2025-06-23T08:54:59.976Z] Checked if tokens are valid: true, expires at: 1750671503386
[debug] [2025-06-23T08:54:59.976Z] >>> [apiv2][query] GET https://firebase.googleapis.com/v1beta1/projects/dressingpartyproject/adminSdkConfig [none]
[debug] [2025-06-23T08:55:00.975Z] <<< [apiv2][status] GET https://firebase.googleapis.com/v1beta1/projects/dressingpartyproject/adminSdkConfig 200
[debug] [2025-06-23T08:55:00.975Z] <<< [apiv2][body] GET https://firebase.googleapis.com/v1beta1/projects/dressingpartyproject/adminSdkConfig {"projectId":"dressingpartyproject","storageBucket":"dressingpartyproject.firebasestorage.app"}
[debug] [2025-06-23T08:55:00.976Z] Checked if tokens are valid: true, expires at: 1750671503386
[debug] [2025-06-23T08:55:00.976Z] Checked if tokens are valid: true, expires at: 1750671503386
[debug] [2025-06-23T08:55:00.976Z] >>> [apiv2][query] GET https://runtimeconfig.googleapis.com/v1beta1/projects/dressingpartyproject/configs [none]
[debug] [2025-06-23T08:55:01.284Z] <<< [apiv2][status] GET https://runtimeconfig.googleapis.com/v1beta1/projects/dressingpartyproject/configs 200
[debug] [2025-06-23T08:55:01.285Z] <<< [apiv2][body] GET https://runtimeconfig.googleapis.com/v1beta1/projects/dressingpartyproject/configs {}
[debug] [2025-06-23T08:55:01.286Z] Validating nodejs source
[warn] ⚠  functions: package.json indicates an outdated version of firebase-functions. Please upgrade using npm install --save firebase-functions@latest in your functions directory. 
[warn] ⚠  functions: Please note that there will be breaking changes when you upgrade. 
[debug] [2025-06-23T08:55:01.662Z] > [functions] package.json contents: {
  "name": "functions",
  "scripts": {
    "lint": "eslint .",
    "build": "tsc",
    "build:watch": "tsc --watch",
    "serve": "npm run build && firebase emulators:start --only functions",
    "shell": "npm run build && firebase functions:shell",
    "start": "npm run shell",
    "deploy": "firebase deploy --only functions",
    "logs": "firebase functions:log"
  },
  "engines": {
    "node": "22"
  },
  "main": "lib/index.js",
  "dependencies": {
    "@google-cloud/storage": "^7.11.0",
    "firebase-admin": "^12.1.0",
    "firebase-functions": "^5.0.1"
  },
  "devDependencies": {
    "@typescript-eslint/eslint-plugin": "^7.11.0",
    "@typescript-eslint/parser": "^7.11.0",
    "eslint": "^8.57.0",
    "eslint-config-google": "^0.14.0",
    "eslint-plugin-import": "^2.29.1",
    "firebase-functions-test": "^3.3.0",
    "typescript": "^5.7.3"
  },
  "private": true
}
[debug] [2025-06-23T08:55:01.663Z] Building nodejs source
[info] i  functions: Loading and analyzing source code for codebase default to determine what to deploy 
[debug] [2025-06-23T08:55:01.663Z] Could not find functions.yaml. Must use http discovery
[debug] [2025-06-23T08:55:01.668Z] Found firebase-functions binary at '/Users/klesieur/Documents/Learning_projects/Expo/dressing-party-expo-53/functions/node_modules/.bin/firebase-functions'
[info] Serving at port 8552

[debug] [2025-06-23T08:55:02.033Z] Got response from /__/functions.yaml {"endpoints":{"manageStorageClasses":{"platform":"gcfv1","availableMemoryMb":null,"timeoutSeconds":null,"minInstances":null,"maxInstances":10,"ingressSettings":null,"serviceAccountEmail":null,"vpc":null,"scheduleTrigger":{"schedule":"every 24 hours","retryConfig":{"retryCount":null,"maxDoublings":null,"maxRetryDuration":null,"maxBackoffDuration":null,"minBackoffDuration":null},"timeZone":null},"labels":{},"entryPoint":"manageStorageClasses"}},"specVersion":"v1alpha1","requiredAPIs":[{"api":"cloudscheduler.googleapis.com","reason":"Needed for scheduled functions."}],"extensions":{}}
[info] i  extensions: ensuring required API firebaseextensions.googleapis.com is enabled... 
[debug] [2025-06-23T08:55:07.054Z] > command requires scopes: ["email","openid","https://www.googleapis.com/auth/cloudplatformprojects.readonly","https://www.googleapis.com/auth/firebase","https://www.googleapis.com/auth/cloud-platform"]
[debug] [2025-06-23T08:55:07.054Z] > authorizing via signed-in user (lesieurkim@gmail.com)
[debug] [2025-06-23T08:55:07.054Z] [iam] checking project dressingpartyproject for permissions ["firebase.projects.get","firebaseextensions.instances.list"]
[debug] [2025-06-23T08:55:07.054Z] Checked if tokens are valid: true, expires at: 1750671503386
[debug] [2025-06-23T08:55:07.054Z] Checked if tokens are valid: true, expires at: 1750671503386
[debug] [2025-06-23T08:55:07.055Z] >>> [apiv2][query] POST https://cloudresourcemanager.googleapis.com/v1/projects/dressingpartyproject:testIamPermissions [none]
[debug] [2025-06-23T08:55:07.055Z] >>> [apiv2][(partial)header] POST https://cloudresourcemanager.googleapis.com/v1/projects/dressingpartyproject:testIamPermissions x-goog-quota-user=projects/dressingpartyproject
[debug] [2025-06-23T08:55:07.055Z] >>> [apiv2][body] POST https://cloudresourcemanager.googleapis.com/v1/projects/dressingpartyproject:testIamPermissions {"permissions":["firebase.projects.get","firebaseextensions.instances.list"]}
[debug] [2025-06-23T08:55:07.670Z] <<< [apiv2][status] POST https://cloudresourcemanager.googleapis.com/v1/projects/dressingpartyproject:testIamPermissions 200
[debug] [2025-06-23T08:55:07.671Z] <<< [apiv2][body] POST https://cloudresourcemanager.googleapis.com/v1/projects/dressingpartyproject:testIamPermissions {"permissions":["firebase.projects.get","firebaseextensions.instances.list"]}
[debug] [2025-06-23T08:55:07.671Z] Checked if tokens are valid: true, expires at: 1750671503386
[debug] [2025-06-23T08:55:07.671Z] Checked if tokens are valid: true, expires at: 1750671503386
[debug] [2025-06-23T08:55:07.672Z] >>> [apiv2][query] GET https://firebaseextensions.googleapis.com/v1beta/projects/dressingpartyproject/instances pageSize=100&pageToken=
[debug] [2025-06-23T08:55:08.453Z] <<< [apiv2][status] GET https://firebaseextensions.googleapis.com/v1beta/projects/dressingpartyproject/instances 200
[debug] [2025-06-23T08:55:08.453Z] <<< [apiv2][body] GET https://firebaseextensions.googleapis.com/v1beta/projects/dressingpartyproject/instances {}
[info] i  functions: preparing functions directory for uploading... 
[info] i  functions: packaged /Users/klesieur/Documents/Learning_projects/Expo/dressing-party-expo-53/functions (96.09 KB) for uploading 
[debug] [2025-06-23T08:55:08.489Z] Checked if tokens are valid: true, expires at: 1750671503386
[debug] [2025-06-23T08:55:08.489Z] Checked if tokens are valid: true, expires at: 1750671503386
[debug] [2025-06-23T08:55:08.489Z] >>> [apiv2][query] GET https://cloudfunctions.googleapis.com/v1/projects/dressingpartyproject/locations/-/functions [none]
[debug] [2025-06-23T08:55:09.016Z] <<< [apiv2][status] GET https://cloudfunctions.googleapis.com/v1/projects/dressingpartyproject/locations/-/functions 200
[debug] [2025-06-23T08:55:09.017Z] <<< [apiv2][body] GET https://cloudfunctions.googleapis.com/v1/projects/dressingpartyproject/locations/-/functions {}
[debug] [2025-06-23T08:55:09.017Z] Checked if tokens are valid: true, expires at: 1750671503386
[debug] [2025-06-23T08:55:09.017Z] Checked if tokens are valid: true, expires at: 1750671503386
[debug] [2025-06-23T08:55:09.018Z] >>> [apiv2][query] GET https://cloudfunctions.googleapis.com/v2/projects/dressingpartyproject/locations/-/functions filter=environment%3D%22GEN_2%22
[debug] [2025-06-23T08:55:09.959Z] <<< [apiv2][status] GET https://cloudfunctions.googleapis.com/v2/projects/dressingpartyproject/locations/-/functions 200
[debug] [2025-06-23T08:55:09.959Z] <<< [apiv2][body] GET https://cloudfunctions.googleapis.com/v2/projects/dressingpartyproject/locations/-/functions {}
[info] i  functions: ensuring required API cloudscheduler.googleapis.com is enabled... 
[debug] [2025-06-23T08:55:09.964Z] Checked if tokens are valid: true, expires at: 1750671503386
[debug] [2025-06-23T08:55:09.964Z] Checked if tokens are valid: true, expires at: 1750671503386
[debug] [2025-06-23T08:55:09.964Z] >>> [apiv2][query] GET https://cloudresourcemanager.googleapis.com/v1/projects/dressingpartyproject [none]
[debug] [2025-06-23T08:55:10.193Z] <<< [apiv2][status] GET https://cloudresourcemanager.googleapis.com/v1/projects/dressingpartyproject 200
[debug] [2025-06-23T08:55:10.193Z] <<< [apiv2][body] GET https://cloudresourcemanager.googleapis.com/v1/projects/dressingpartyproject {"projectNumber":"939273994462","projectId":"dressingpartyproject","lifecycleState":"ACTIVE","name":"DressingPartyProject","labels":{"firebase":"enabled","firebase-core":"disabled"},"createTime":"2025-06-18T07:47:50.438176Z"}
[debug] [2025-06-23T08:55:10.195Z] Checked if tokens are valid: true, expires at: 1750671503386
[debug] [2025-06-23T08:55:10.195Z] Checked if tokens are valid: true, expires at: 1750671503386
[debug] [2025-06-23T08:55:10.196Z] >>> [apiv2][query] GET https://cloudbilling.googleapis.com/v1/projects/dressingpartyproject/billingInfo [none]
[debug] [2025-06-23T08:55:10.741Z] <<< [apiv2][status] GET https://cloudbilling.googleapis.com/v1/projects/dressingpartyproject/billingInfo 200
[debug] [2025-06-23T08:55:10.741Z] <<< [apiv2][body] GET https://cloudbilling.googleapis.com/v1/projects/dressingpartyproject/billingInfo {"name":"projects/dressingpartyproject/billingInfo","projectId":"dressingpartyproject","billingAccountName":"billingAccounts/016599-3BBCAA-9CF613","billingEnabled":true}
[debug] [2025-06-23T08:55:10.741Z] Checked if tokens are valid: true, expires at: 1750671503386
[debug] [2025-06-23T08:55:10.742Z] Checked if tokens are valid: true, expires at: 1750671503386
[debug] [2025-06-23T08:55:10.742Z] >>> [apiv2][query] POST https://cloudfunctions.googleapis.com/v1/projects/dressingpartyproject/locations/us-central1/functions:generateUploadUrl [none]
[debug] [2025-06-23T08:55:10.742Z] >>> [apiv2][body] POST https://cloudfunctions.googleapis.com/v1/projects/dressingpartyproject/locations/us-central1/functions:generateUploadUrl {}
[debug] [2025-06-23T08:55:11.294Z] <<< [apiv2][status] POST https://cloudfunctions.googleapis.com/v1/projects/dressingpartyproject/locations/us-central1/functions:generateUploadUrl 200
[debug] [2025-06-23T08:55:11.294Z] <<< [apiv2][body] POST https://cloudfunctions.googleapis.com/v1/projects/dressingpartyproject/locations/us-central1/functions:generateUploadUrl {"uploadUrl":"https://storage.googleapis.com/uploads-56102860087.us-central1.cloudfunctions.appspot.com/438f1ac0-f411-49f6-b1f4-065eb9d31e8c.zip?GoogleAccessId=service-939273994462@gcf-admin-robot.iam.gserviceaccount.com&Expires=1750670711&Signature=eLiKj2AbNca5crRivGP53DxrW7iGn1R75ekcY%2FbnNwN%2BGF4dPMHNMFZbgBC%2FjL4qRrbPXGCqF9RKy2w%2F9EkH9s2iWtiAedtMtwor7qWPXnph2mOcKx3IebDaGNo5nXwxByCRTOj6mJpUUt9F8zZHI2YqkYFTJ3i%2BKW8WOAJW0pZ0HfSvxjYErPAljtDQEnKvsz0mKS1bNGd%2FmGJM60BxczMmoafj8zFZMY%2BH5GvjaZW%2FX97D2q94wfm73gDTjULnJgAfGb6odpxoLhbcM31beYguXM7C0B2CKvD8EQkj3IEEvOqV%2FtHJrRW7UK7eKynQrLiKRfw92fPvVnXacwNs9w%3D%3D"}
[debug] [2025-06-23T08:55:11.295Z] >>> [apiv2][query] PUT https://storage.googleapis.com/uploads-56102860087.us-central1.cloudfunctions.appspot.com/438f1ac0-f411-49f6-b1f4-065eb9d31e8c.zip GoogleAccessId=service-939273994462%40gcf-admin-robot.iam.gserviceaccount.com&Expires=1750670711&Signature=eLiKj2AbNca5crRivGP53DxrW7iGn1R75ekcY%2FbnNwN%2BGF4dPMHNMFZbgBC%2FjL4qRrbPXGCqF9RKy2w%2F9EkH9s2iWtiAedtMtwor7qWPXnph2mOcKx3IebDaGNo5nXwxByCRTOj6mJpUUt9F8zZHI2YqkYFTJ3i%2BKW8WOAJW0pZ0HfSvxjYErPAljtDQEnKvsz0mKS1bNGd%2FmGJM60BxczMmoafj8zFZMY%2BH5GvjaZW%2FX97D2q94wfm73gDTjULnJgAfGb6odpxoLhbcM31beYguXM7C0B2CKvD8EQkj3IEEvOqV%2FtHJrRW7UK7eKynQrLiKRfw92fPvVnXacwNs9w%3D%3D
[debug] [2025-06-23T08:55:11.295Z] >>> [apiv2][body] PUT https://storage.googleapis.com/uploads-56102860087.us-central1.cloudfunctions.appspot.com/438f1ac0-f411-49f6-b1f4-065eb9d31e8c.zip [stream]
[debug] [2025-06-23T08:55:12.137Z] <<< [apiv2][status] PUT https://storage.googleapis.com/uploads-56102860087.us-central1.cloudfunctions.appspot.com/438f1ac0-f411-49f6-b1f4-065eb9d31e8c.zip 200
[debug] [2025-06-23T08:55:12.138Z] <<< [apiv2][body] PUT https://storage.googleapis.com/uploads-56102860087.us-central1.cloudfunctions.appspot.com/438f1ac0-f411-49f6-b1f4-065eb9d31e8c.zip [omitted]
[info] ✔  functions: functions folder uploaded successfully 
[info] i  functions: creating Node.js 22 (1st Gen) function manageStorageClasses(us-central1)... 
[debug] [2025-06-23T08:55:12.143Z] Checked if tokens are valid: true, expires at: 1750671503386
[debug] [2025-06-23T08:55:12.143Z] Checked if tokens are valid: true, expires at: 1750671503386
[debug] [2025-06-23T08:55:12.143Z] >>> [apiv2][query] POST https://cloudfunctions.googleapis.com/v1/projects/dressingpartyproject/locations/us-central1/functions [none]
[debug] [2025-06-23T08:55:12.143Z] >>> [apiv2][body] POST https://cloudfunctions.googleapis.com/v1/projects/dressingpartyproject/locations/us-central1/functions {"name":"projects/dressingpartyproject/locations/us-central1/functions/manageStorageClasses","sourceUploadUrl":"https://storage.googleapis.com/uploads-56102860087.us-central1.cloudfunctions.appspot.com/438f1ac0-f411-49f6-b1f4-065eb9d31e8c.zip?GoogleAccessId=service-939273994462@gcf-admin-robot.iam.gserviceaccount.com&Expires=1750670711&Signature=eLiKj2AbNca5crRivGP53DxrW7iGn1R75ekcY%2FbnNwN%2BGF4dPMHNMFZbgBC%2FjL4qRrbPXGCqF9RKy2w%2F9EkH9s2iWtiAedtMtwor7qWPXnph2mOcKx3IebDaGNo5nXwxByCRTOj6mJpUUt9F8zZHI2YqkYFTJ3i%2BKW8WOAJW0pZ0HfSvxjYErPAljtDQEnKvsz0mKS1bNGd%2FmGJM60BxczMmoafj8zFZMY%2BH5GvjaZW%2FX97D2q94wfm73gDTjULnJgAfGb6odpxoLhbcM31beYguXM7C0B2CKvD8EQkj3IEEvOqV%2FtHJrRW7UK7eKynQrLiKRfw92fPvVnXacwNs9w%3D%3D","entryPoint":"manageStorageClasses","runtime":"nodejs22","dockerRegistry":"ARTIFACT_REGISTRY","labels":{"deployment-tool":"cli-firebase","deployment-scheduled":"true","firebase-functions-hash":"64a75e46d57a49249592ce99977c55b03f9dc572"},"eventTrigger":{"eventType":"google.pubsub.topic.publish","resource":"projects/dressingpartyproject/topics/firebase-schedule-manageStorageClasses-us-central1"},"minInstances":null,"maxInstances":10,"ingressSettings":null,"environmentVariables":{"FIREBASE_CONFIG":"{\"projectId\":\"dressingpartyproject\",\"storageBucket\":\"dressingpartyproject.firebasestorage.app\"}","GCLOUD_PROJECT":"dressingpartyproject","EVENTARC_CLOUD_EVENT_SOURCE":"projects/dressingpartyproject/locations/us-central1/functions/manageStorageClasses"},"serviceAccountEmail":null,"availableMemoryMb":null,"timeout":null,"vpcConnector":null,"vpcConnectorEgressSettings":null,"buildEnvironmentVariables":{"GOOGLE_NODE_RUN_SCRIPTS":""}}
[debug] [2025-06-23T08:55:12.491Z] <<< [apiv2][status] POST https://cloudfunctions.googleapis.com/v1/projects/dressingpartyproject/locations/us-central1/functions 400
[debug] [2025-06-23T08:55:12.491Z] <<< [apiv2][body] POST https://cloudfunctions.googleapis.com/v1/projects/dressingpartyproject/locations/us-central1/functions {"error":{"code":400,"message":"Failed to create 1st Gen function projects/dressingpartyproject/locations/us-central1/functions/manageStorageClasses: runtime: Runtime validation errors: [error_code: INVALID_RUNTIME\nmessage: \"Runtime \\\"nodejs22\\\" is not supported on GCF Gen1\"\n]","status":"INVALID_ARGUMENT"}}
[warn] ⚠  functions: failed to create function projects/dressingpartyproject/locations/us-central1/functions/manageStorageClasses 
[error] Failed to create function projects/dressingpartyproject/locations/us-central1/functions/manageStorageClasses
[debug] [2025-06-23T08:55:12.498Z] Total Function Deployment time: 353
[debug] [2025-06-23T08:55:12.498Z] 1 Functions Deployed
[debug] [2025-06-23T08:55:12.499Z] 1 Functions Errored
[debug] [2025-06-23T08:55:12.499Z] 0 Function Deployments Aborted
[debug] [2025-06-23T08:55:12.499Z] Average Function Deployment time: 352
[info] 
[info] Functions deploy had errors with the following functions:
	manageStorageClasses(us-central1)
[debug] [2025-06-23T08:55:12.585Z] Checked if tokens are valid: true, expires at: 1750671503386
[debug] [2025-06-23T08:55:12.585Z] Checked if tokens are valid: true, expires at: 1750671503386
[debug] [2025-06-23T08:55:12.585Z] >>> [apiv2][query] GET https://artifactregistry.googleapis.com/v1/projects/dressingpartyproject/locations/us-central1/repositories/gcf-artifacts [none]
[debug] [2025-06-23T08:55:13.321Z] <<< [apiv2][status] GET https://artifactregistry.googleapis.com/v1/projects/dressingpartyproject/locations/us-central1/repositories/gcf-artifacts 404
[debug] [2025-06-23T08:55:13.322Z] <<< [apiv2][body] GET https://artifactregistry.googleapis.com/v1/projects/dressingpartyproject/locations/us-central1/repositories/gcf-artifacts {"error":{"code":404,"message":"Requested entity was not found.","status":"NOT_FOUND"}}
[debug] [2025-06-23T08:55:13.322Z] Failed to check artifact cleanup policy for region us-central1: Request to https://artifactregistry.googleapis.com/v1/projects/dressingpartyproject/locations/us-central1/repositories/gcf-artifacts had HTTP Error: 404, Requested entity was not found. {"name":"FirebaseError","children":[],"context":{"body":{"error":{"code":404,"message":"Requested entity was not found.","status":"NOT_FOUND"}},"response":{"statusCode":404}},"exit":1,"message":"Request to https://artifactregistry.googleapis.com/v1/projects/dressingpartyproject/locations/us-central1/repositories/gcf-artifacts had HTTP Error: 404, Requested entity was not found.","status":404}
[debug] [2025-06-23T08:55:13.323Z] Functions deploy failed.
[debug] [2025-06-23T08:55:13.323Z] {
  "endpoint": {
    "id": "manageStorageClasses",
    "project": "dressingpartyproject",
    "region": "us-central1",
    "entryPoint": "manageStorageClasses",
    "platform": "gcfv1",
    "runtime": "nodejs22",
    "scheduleTrigger": {
      "schedule": "every 24 hours",
      "timeZone": null,
      "retryConfig": {
        "maxBackoffSeconds": null,
        "minBackoffSeconds": null,
        "maxRetrySeconds": null,
        "retryCount": null,
        "maxDoublings": null
      }
    },
    "labels": {
      "deployment-tool": "cli-firebase"
    },
    "serviceAccount": null,
    "ingressSettings": null,
    "availableMemoryMb": null,
    "timeoutSeconds": null,
    "maxInstances": 10,
    "minInstances": null,
    "vpc": null,
    "environmentVariables": {
      "FIREBASE_CONFIG": "{\"projectId\":\"dressingpartyproject\",\"storageBucket\":\"dressingpartyproject.firebasestorage.app\"}",
      "GCLOUD_PROJECT": "dressingpartyproject",
      "EVENTARC_CLOUD_EVENT_SOURCE": "projects/dressingpartyproject/locations/us-central1/functions/manageStorageClasses"
    },
    "codebase": "default",
    "targetedByOnly": false,
    "hash": "64a75e46d57a49249592ce99977c55b03f9dc572"
  },
  "op": "create",
  "original": {
    "name": "FirebaseError",
    "children": [],
    "context": {
      "function": "projects/dressingpartyproject/locations/us-central1/functions/manageStorageClasses"
    },
    "exit": 1,
    "message": "Failed to create function projects/dressingpartyproject/locations/us-central1/functions/manageStorageClasses",
    "original": {
      "name": "FirebaseError",
      "children": [],
      "context": {
        "body": {
          "error": {
            "code": 400,
            "message": "Failed to create 1st Gen function projects/dressingpartyproject/locations/us-central1/functions/manageStorageClasses: runtime: Runtime validation errors: [error_code: INVALID_RUNTIME\nmessage: \"Runtime \\\"nodejs22\\\" is not supported on GCF Gen1\"\n]",
            "status": "INVALID_ARGUMENT"
          }
        },
        "response": {
          "statusCode": 400
        }
      },
      "exit": 1,
      "message": "Request to https://cloudfunctions.googleapis.com/v1/projects/dressingpartyproject/locations/us-central1/functions had HTTP Error: 400, Failed to create 1st Gen function projects/dressingpartyproject/locations/us-central1/functions/manageStorageClasses: runtime: Runtime validation errors: [error_code: INVALID_RUNTIME\nmessage: \"Runtime \\\"nodejs22\\\" is not supported on GCF Gen1\"\n]",
      "status": 400
    },
    "status": 400,
    "code": 400
  }
}
[debug] [2025-06-23T08:55:13.350Z] Error: Failed to create function manageStorageClasses in region us-central1
    at /Users/klesieur/.nvm/versions/node/v20.12.2/lib/node_modules/firebase-tools/lib/deploy/functions/release/fabricator.js:52:11
    at process.processTicksAndRejections (node:internal/process/task_queues:95:5)
    at async Fabricator.createV1Function (/Users/klesieur/.nvm/versions/node/v20.12.2/lib/node_modules/firebase-tools/lib/deploy/functions/release/fabricator.js:182:32)
    at async Fabricator.createEndpoint (/Users/klesieur/.nvm/versions/node/v20.12.2/lib/node_modules/firebase-tools/lib/deploy/functions/release/fabricator.js:134:13)
    at async handle (/Users/klesieur/.nvm/versions/node/v20.12.2/lib/node_modules/firebase-tools/lib/deploy/functions/release/fabricator.js:89:17)
[error] 
[error] Error: There was an error deploying functions
[debug] [2025-06-23T16:04:02.649Z] ----------------------------------------------------------------------
[debug] [2025-06-23T16:04:02.654Z] Command:       /Users/klesieur/.nvm/versions/node/v20.12.2/bin/node /Users/klesieur/.nvm/versions/node/v20.12.2/bin/firebase deploy --only functions
[debug] [2025-06-23T16:04:02.654Z] CLI Version:   14.8.0
[debug] [2025-06-23T16:04:02.655Z] Platform:      darwin
[debug] [2025-06-23T16:04:02.655Z] Node Version:  v20.12.2
[debug] [2025-06-23T16:04:02.655Z] Time:          Mon Jun 23 2025 18:04:02 GMT+0200 (Central European Summer Time)
[debug] [2025-06-23T16:04:02.655Z] ----------------------------------------------------------------------
[debug] 
[debug] [2025-06-23T16:04:02.765Z] > command requires scopes: ["email","openid","https://www.googleapis.com/auth/cloudplatformprojects.readonly","https://www.googleapis.com/auth/firebase","https://www.googleapis.com/auth/cloud-platform"]
[debug] [2025-06-23T16:04:02.766Z] > authorizing via signed-in user (lesieurkim@gmail.com)
[debug] [2025-06-23T16:04:02.766Z] [iam] checking project dressingpartyproject for permissions ["cloudfunctions.functions.create","cloudfunctions.functions.delete","cloudfunctions.functions.get","cloudfunctions.functions.list","cloudfunctions.functions.update","cloudfunctions.operations.get","firebase.projects.get"]
[debug] [2025-06-23T16:04:02.766Z] Checked if tokens are valid: false, expires at: 1750671503386
[debug] [2025-06-23T16:04:02.766Z] Checked if tokens are valid: false, expires at: 1750671503386
[debug] [2025-06-23T16:04:02.766Z] > refreshing access token with scopes: []
[debug] [2025-06-23T16:04:02.767Z] >>> [apiv2][query] POST https://www.googleapis.com/oauth2/v3/token [none]
[debug] [2025-06-23T16:04:02.767Z] >>> [apiv2][body] POST https://www.googleapis.com/oauth2/v3/token [omitted]
[debug] [2025-06-23T16:04:02.912Z] <<< [apiv2][status] POST https://www.googleapis.com/oauth2/v3/token 200
[debug] [2025-06-23T16:04:02.912Z] <<< [apiv2][body] POST https://www.googleapis.com/oauth2/v3/token [omitted]
[debug] [2025-06-23T16:04:02.925Z] >>> [apiv2][query] POST https://cloudresourcemanager.googleapis.com/v1/projects/dressingpartyproject:testIamPermissions [none]
[debug] [2025-06-23T16:04:02.925Z] >>> [apiv2][(partial)header] POST https://cloudresourcemanager.googleapis.com/v1/projects/dressingpartyproject:testIamPermissions x-goog-quota-user=projects/dressingpartyproject
[debug] [2025-06-23T16:04:02.925Z] >>> [apiv2][body] POST https://cloudresourcemanager.googleapis.com/v1/projects/dressingpartyproject:testIamPermissions {"permissions":["cloudfunctions.functions.create","cloudfunctions.functions.delete","cloudfunctions.functions.get","cloudfunctions.functions.list","cloudfunctions.functions.update","cloudfunctions.operations.get","firebase.projects.get"]}
[debug] [2025-06-23T16:04:03.620Z] <<< [apiv2][status] POST https://cloudresourcemanager.googleapis.com/v1/projects/dressingpartyproject:testIamPermissions 200
[debug] [2025-06-23T16:04:03.620Z] <<< [apiv2][body] POST https://cloudresourcemanager.googleapis.com/v1/projects/dressingpartyproject:testIamPermissions {"permissions":["cloudfunctions.functions.create","cloudfunctions.functions.delete","cloudfunctions.functions.get","cloudfunctions.functions.list","cloudfunctions.functions.update","cloudfunctions.operations.get","firebase.projects.get"]}
[debug] [2025-06-23T16:04:03.620Z] Checked if tokens are valid: true, expires at: 1750698241912
[debug] [2025-06-23T16:04:03.620Z] Checked if tokens are valid: true, expires at: 1750698241912
[debug] [2025-06-23T16:04:03.621Z] >>> [apiv2][query] POST https://iam.googleapis.com/v1/projects/dressingpartyproject/serviceAccounts/dressingpartyproject@appspot.gserviceaccount.com:testIamPermissions [none]
[debug] [2025-06-23T16:04:03.621Z] >>> [apiv2][body] POST https://iam.googleapis.com/v1/projects/dressingpartyproject/serviceAccounts/dressingpartyproject@appspot.gserviceaccount.com:testIamPermissions {"permissions":["iam.serviceAccounts.actAs"]}
[debug] [2025-06-23T16:04:04.270Z] <<< [apiv2][status] POST https://iam.googleapis.com/v1/projects/dressingpartyproject/serviceAccounts/dressingpartyproject@appspot.gserviceaccount.com:testIamPermissions 200
[debug] [2025-06-23T16:04:04.270Z] <<< [apiv2][body] POST https://iam.googleapis.com/v1/projects/dressingpartyproject/serviceAccounts/dressingpartyproject@appspot.gserviceaccount.com:testIamPermissions {"permissions":["iam.serviceAccounts.actAs"]}
[info] 
[info] === Deploying to 'dressingpartyproject'...
[info] 
[info] i  deploying functions 
[info] Running command: npm --prefix "$RESOURCE_DIR" run lint
